[  4%] Built target recursant_context
[  8%] Built target recursant_policy
[ 13%] Built target recursant_selector
[ 17%] Built target recursant_config
[ 22%] Built target recursant_interpreter
[ 26%] Built target test_context
[ 31%] Built target test_interpreter_alloc
[ 35%] Built target test_egress
[ 40%] Built target test_config
[ 44%] Built target recursant_auth
[ 48%] Built target test_interpreter
[ 53%] Built target recursant-validate
[ 57%] Built target test_selector
[ 62%] Built target recursant_attempts
[ 66%] Built target test_attempts_internal
[ 71%] Built target recursant_admission
[ 73%] Building C object CMakeFiles/recursant.dir/core/src/context/gateway_context.c.o
[ 77%] Built target attempt_probe
[ 82%] Built target test_attempts
[ 86%] Built target recursant-tracer
[ 91%] Built target test_admission
[ 93%] Linking C executable recursant
[100%] Built target recursant
test_private_source_authority_preserves_permitted_explicit_private_alias (test_gateway_context.GatewayContextTests.test_private_source_authority_preserves_permitted_explicit_private_alias) ... ok

----------------------------------------------------------------------
Ran 1 test in 0.778s

OK
