-- Configuring done (0.1s)
-- Generating done (0.2s)
-- Build files have been written to: /build
[  5%] Built target recursant_selector
[  7%] Built target recursant_policy
[ 11%] Built target recursant_config
[ 15%] Built target recursant_context
[ 18%] Built target recursant_interpreter
[ 22%] Built target recursant_tools
[ 26%] Built target test_selector
[ 30%] Built target test_interpreter_alloc
[ 33%] Built target test_context
[ 37%] Built target test_interpreter
[ 41%] Built target test_egress
[ 45%] Built target test_config
[ 50%] Built target test_response_observer
[ 54%] Built target test_tool_boundary
[ 58%] Built target recursant-validate
[ 62%] Built target recursant_auth
[ 69%] Built target test_attempts_internal
[ 69%] Built target recursant_admission
[ 73%] Built target recursant_attempts
[ 77%] Built target test_admission
[ 81%] Built target recursant-tracer
[ 84%] Built target test_attempts
[ 86%] Building C object CMakeFiles/recursant.dir/core/src/context/gateway_context.c.o
[ 90%] Built target attempt_probe
[ 92%] Linking C executable recursant
[100%] Built target recursant
Test project /build
      Start  1: selector_unit
 1/20 Test  #1: selector_unit ....................   Passed    0.00 sec
      Start  2: attempts_unit
 2/20 Test  #2: attempts_unit ....................   Passed    0.00 sec
      Start  3: attempts_overflow
 3/20 Test  #3: attempts_overflow ................   Passed    0.00 sec
      Start  4: interpreter_alloc
 4/20 Test  #4: interpreter_alloc ................   Passed    0.04 sec
      Start  5: context_unit
 5/20 Test  #5: context_unit .....................   Passed    0.00 sec
      Start  6: egress_policy
 6/20 Test  #6: egress_policy ....................   Passed    0.00 sec
      Start  7: config_strict
 7/20 Test  #7: config_strict ....................   Passed    0.00 sec
      Start  8: admission_unit
 8/20 Test  #8: admission_unit ...................   Passed    0.00 sec
      Start  9: interpreter_loopback
 9/20 Test  #9: interpreter_loopback .............   Passed   10.51 sec
      Start 10: tool_boundary_unit
10/20 Test #10: tool_boundary_unit ...............   Passed    0.00 sec
      Start 11: native_tools_integration
11/20 Test #11: native_tools_integration .........   Passed   32.63 sec
      Start 12: response_observer_unit
12/20 Test #12: response_observer_unit ...........   Passed    0.00 sec
      Start 13: gateway_context_integration
13/20 Test #13: gateway_context_integration ......   Passed   73.67 sec
      Start 14: hermes_observer
14/20 Test #14: hermes_observer ..................   Passed    7.37 sec
      Start 15: compliance_integration
15/20 Test #15: compliance_integration ...........   Passed   18.77 sec
      Start 16: router_integration
16/20 Test #16: router_integration ...............   Passed   23.26 sec
      Start 17: transport_integration
17/20 Test #17: transport_integration ............   Passed    1.56 sec
      Start 18: admission_integration
18/20 Test #18: admission_integration ............   Passed    0.35 sec
      Start 19: trajectory_reference
19/20 Test #19: trajectory_reference .............   Passed    4.17 sec
      Start 20: accounting
20/20 Test #20: accounting .......................   Passed    0.11 sec

100% tests passed, 0 tests failed out of 20

Total Test time (real) = 172.48 sec
test_companion_opens_tags_exports_to_real_c_interpreter (test_gateway_bridge_live.LiveBridgeTests.test_companion_opens_tags_exports_to_real_c_interpreter) ... ok
test_foreign_headers_cannot_bypass_registered_branch_pin (test_gateway_bridge_live.LiveBridgeTests.test_foreign_headers_cannot_bypass_registered_branch_pin) ... ok

----------------------------------------------------------------------
Ran 2 tests in 1.054s

OK
