Test project /tmp/a
      Start  1: selector_unit
 1/26 Test  #1: selector_unit ....................   Passed    0.02 sec
      Start  2: attempts_unit
 2/26 Test  #2: attempts_unit ....................   Passed    0.01 sec
      Start  3: attempts_capacity
 3/26 Test  #3: attempts_capacity ................   Passed    0.01 sec
      Start  4: attempts_overflow
 4/26 Test  #4: attempts_overflow ................   Passed    0.01 sec
      Start  5: interpreter_alloc
 5/26 Test  #5: interpreter_alloc ................   Passed    0.18 sec
      Start  6: context_unit
 6/26 Test  #6: context_unit .....................   Passed    0.01 sec
      Start  7: egress_policy
 7/26 Test  #7: egress_policy ....................   Passed    0.01 sec
      Start  8: config_strict
 8/26 Test  #8: config_strict ....................   Passed    0.01 sec
      Start  9: admission_unit
 9/26 Test  #9: admission_unit ...................   Passed    0.01 sec
      Start 10: interpreter_loopback
10/26 Test #10: interpreter_loopback .............   Passed   11.15 sec
      Start 11: stream_tools_unit
11/26 Test #11: stream_tools_unit ................   Passed    0.26 sec
      Start 12: cost_unit
12/26 Test #12: cost_unit ........................   Passed    0.02 sec
      Start 13: tool_boundary_unit
13/26 Test #13: tool_boundary_unit ...............   Passed    0.03 sec
      Start 14: stream_tools_gateway
14/26 Test #14: stream_tools_gateway .............***Failed   44.58 sec
test_candidate_qualification (test_stream_tools_gateway.StreamToolsTests.test_candidate_qualification) ... ok
test_complete_switch (test_stream_tools_gateway.StreamToolsTests.test_complete_switch) ... ok
test_done_is_not_transport_or_executor_completion (test_stream_tools_gateway.StreamToolsTests.test_done_is_not_transport_or_executor_completion) ... ok
test_final_m2 (test_stream_tools_gateway.StreamToolsTests.test_final_m2) ... ok
test_invalid_replay (test_stream_tools_gateway.StreamToolsTests.test_invalid_replay) ... ok
test_named_choice_limits_authoritative_capture (test_stream_tools_gateway.StreamToolsTests.test_named_choice_limits_authoritative_capture) ... ok
test_null_or_missing_replay_content_is_not_empty_string (test_stream_tools_gateway.StreamToolsTests.test_null_or_missing_replay_content_is_not_empty_string) ... ok
test_opaque_truncated_and_malformed_streams_pin_permanently (test_stream_tools_gateway.StreamToolsTests.test_opaque_truncated_and_malformed_streams_pin_permanently) ... ok
test_parallel_and_content_require_exact_replay_and_capabilities (test_stream_tools_gateway.StreamToolsTests.test_parallel_and_content_require_exact_replay_and_capabilities) ... ok
test_pending_vs_permanent (test_stream_tools_gateway.StreamToolsTests.test_pending_vs_permanent) ... ok
test_real_bridge_callbacks_reach_c_with_streamed_tool_boundary (test_stream_tools_gateway.StreamToolsTests.test_real_bridge_callbacks_reach_c_with_streamed_tool_boundary) ... ok
test_requested_stream_tools_stays_pinned_until_profile_dependency (test_stream_tools_gateway.StreamToolsTests.test_requested_stream_tools_stays_pinned_until_profile_dependency) ... ok
test_source_joins (test_stream_tools_gateway.StreamToolsTests.test_source_joins) ... ok
test_tool_choice_none (test_stream_tools_gateway.StreamToolsTests.test_tool_choice_none) ... ok
test_tool_transport_failure_after_done (test_stream_tools_gateway.StreamToolsTests.test_tool_transport_failure_after_done) ... 
  test_tool_transport_failure_after_done (test_stream_tools_gateway.StreamToolsTests.test_tool_transport_failure_after_done) (mode='downstream_cancel') ... ERROR
test_unsolicited_sse_still_captures_pending_boundary (test_stream_tools_gateway.StreamToolsTests.test_unsolicited_sse_still_captures_pending_boundary) ... ok

======================================================================
ERROR: test_tool_transport_failure_after_done (test_stream_tools_gateway.StreamToolsTests.test_tool_transport_failure_after_done) (mode='downstream_cancel')
----------------------------------------------------------------------
Traceback (most recent call last):
  File "/work/tests/integration/test_stream_tools_gateway.py", line 189, in test_tool_transport_failure_after_done
    part = client.recv(4096); self.assertTrue(part); received += part
TimeoutError: timed out

----------------------------------------------------------------------
Ran 16 tests in 44.466s

FAILED (errors=1)

      Start 15: native_tools_integration
15/26 Test #15: native_tools_integration .........   Passed   32.76 sec
      Start 16: response_observer_unit
16/26 Test #16: response_observer_unit ...........   Passed    0.32 sec
      Start 17: gateway_context_integration
17/26 Test #17: gateway_context_integration ......   Passed   74.29 sec
      Start 18: gateway_cost_integration
18/26 Test #18: gateway_cost_integration .........   Passed    6.51 sec
      Start 19: gateway_capacity_integration
19/26 Test #19: gateway_capacity_integration .....   Passed   83.37 sec
      Start 20: hermes_observer
20/26 Test #20: hermes_observer ..................   Passed    7.35 sec
      Start 21: compliance_integration
21/26 Test #21: compliance_integration ...........   Passed   20.37 sec
      Start 22: router_integration
22/26 Test #22: router_integration ...............   Passed   28.21 sec
      Start 23: transport_integration
23/26 Test #23: transport_integration ............   Passed    1.52 sec
      Start 24: admission_integration
24/26 Test #24: admission_integration ............   Passed    0.40 sec
      Start 25: trajectory_reference
25/26 Test #25: trajectory_reference .............   Passed    3.61 sec
      Start 26: accounting
26/26 Test #26: accounting .......................   Passed    0.11 sec

96% tests passed, 1 tests failed out of 26

Total Test time (real) = 315.14 sec

The following tests FAILED:
	 14 - stream_tools_gateway (Failed)
Errors while running CTest
