      Start 10: stream_tools_unit
10/22 Test #10: stream_tools_unit ................   Passed    0.05 sec
      Start 11: tool_boundary_unit
11/22 Test #11: tool_boundary_unit ...............   Passed    0.00 sec
      Start 12: stream_tools_gateway
12/22 Test #12: stream_tools_gateway .............   Passed   38.40 sec
      Start 13: native_tools_integration
13/22 Test #13: native_tools_integration .........   Passed   32.59 sec
      Start 14: response_observer_unit
14/22 Test #14: response_observer_unit ...........   Passed    0.06 sec
      Start 15: gateway_context_integration
15/22 Test #15: gateway_context_integration ......   Passed   73.49 sec
      Start 16: hermes_observer
16/22 Test #16: hermes_observer ..................   Passed    7.35 sec
      Start 17: compliance_integration
17/22 Test #17: compliance_integration ...........   Passed   20.26 sec
      Start 18: router_integration
18/22 Test #18: router_integration ...............   Passed   27.09 sec
      Start 19: transport_integration
19/22 Test #19: transport_integration ............   Passed    1.48 sec
      Start 20: admission_integration
20/22 Test #20: admission_integration ............   Passed    0.35 sec
      Start 21: trajectory_reference
21/22 Test #21: trajectory_reference .............   Passed    3.86 sec
      Start 22: accounting
22/22 Test #22: accounting .......................   Passed    0.11 sec

100% tests passed, 0 tests failed out of 22

Total Test time (real) = 215.67 sec
---
configuration valid
configuration valid
