Test project /tmp/a
      Start  1: selector_unit
 1/22 Test  #1: selector_unit ....................   Passed    0.02 sec
      Start  2: attempts_unit
 2/22 Test  #2: attempts_unit ....................   Passed    0.01 sec
      Start  3: attempts_overflow
 3/22 Test  #3: attempts_overflow ................   Passed    0.01 sec
      Start  4: interpreter_alloc
 4/22 Test  #4: interpreter_alloc ................   Passed    0.17 sec
      Start  5: context_unit
 5/22 Test  #5: context_unit .....................   Passed    0.01 sec
      Start  6: egress_policy
 6/22 Test  #6: egress_policy ....................   Passed    0.01 sec
      Start  7: config_strict
 7/22 Test  #7: config_strict ....................   Passed    0.01 sec
      Start  8: admission_unit
 8/22 Test  #8: admission_unit ...................   Passed    0.01 sec
      Start  9: interpreter_loopback
 9/22 Test  #9: interpreter_loopback .............   Passed   11.21 sec
      Start 10: stream_tools_unit
10/22 Test #10: stream_tools_unit ................   Passed    0.28 sec
      Start 11: tool_boundary_unit
11/22 Test #11: tool_boundary_unit ...............   Passed    0.03 sec
      Start 12: stream_tools_gateway
12/22 Test #12: stream_tools_gateway .............   Passed   38.78 sec
      Start 13: native_tools_integration
13/22 Test #13: native_tools_integration .........   Passed   32.85 sec
      Start 14: response_observer_unit
14/22 Test #14: response_observer_unit ...........   Passed    0.35 sec
      Start 15: gateway_context_integration
15/22 Test #15: gateway_context_integration ......   Passed   74.30 sec
      Start 16: hermes_observer
16/22 Test #16: hermes_observer ..................   Passed    7.38 sec
      Start 17: compliance_integration
17/22 Test #17: compliance_integration ...........   Passed   19.87 sec
      Start 18: router_integration
18/22 Test #18: router_integration ...............   Passed   28.22 sec
      Start 19: transport_integration
19/22 Test #19: transport_integration ............   Passed    1.53 sec
      Start 20: admission_integration
20/22 Test #20: admission_integration ............   Passed    0.40 sec
      Start 21: trajectory_reference
21/22 Test #21: trajectory_reference .............   Passed    3.63 sec
      Start 22: accounting
22/22 Test #22: accounting .......................   Passed    0.11 sec

100% tests passed, 0 tests failed out of 22

Total Test time (real) = 219.21 sec
