-- The C compiler identification is GNU 15.2.0
-- Detecting C compiler ABI info
-- Detecting C compiler ABI info - done
-- Check for working C compiler: /usr/bin/cc - skipped
-- Detecting C compile features
-- Detecting C compile features - done
-- Performing Test CMAKE_HAVE_LIBC_PTHREAD
-- Performing Test CMAKE_HAVE_LIBC_PTHREAD - Success
-- Found Threads: TRUE
-- Checking for modules 'libcurl;jansson'
--   Found libcurl, version 8.18.0
--   Found jansson, version 2.14
-- Checking for modules 'libmicrohttpd;libcurl;jansson;libpcre2-8'
--   Found libmicrohttpd, version 1.0.1
--   Found libcurl, version 8.18.0
--   Found jansson, version 2.14
--   Found libpcre2-8, version 10.46
-- Found Python3: /usr/bin/python3 (found version "3.14.4") found components: Interpreter
-- Configuring done (0.7s)
-- Generating done (0.0s)
-- Build files have been written to: /work/build/runner-fixes
[  2%] Building C object CMakeFiles/recursant_context.dir/core/src/context/context.c.o
[  4%] Building C object CMakeFiles/recursant_selector.dir/core/src/context/selector.c.o
[  8%] Linking C static library librecursant_selector.a
[  8%] Linking C static library librecursant_context.a
[  8%] Built target recursant_context
[  8%] Built target recursant_selector
[ 11%] Building C object CMakeFiles/recursant_config.dir/core/src/config/config.c.o
[ 13%] Building C object CMakeFiles/recursant_policy.dir/core/src/compliance/egress.c.o
[ 15%] Linking C static library librecursant_policy.a
[ 15%] Built target recursant_policy
[ 17%] Building C object CMakeFiles/recursant_interpreter.dir/core/src/context/interpreter.c.o
[ 20%] Linking C static library librecursant_config.a
[ 20%] Built target recursant_config
[ 22%] Building C object CMakeFiles/test_selector.dir/tests/unit/test_selector.c.o
[ 24%] Linking C executable test_selector
[ 26%] Linking C static library librecursant_interpreter.a
[ 26%] Built target test_selector
[ 26%] Built target recursant_interpreter
[ 31%] Building C object CMakeFiles/test_context.dir/tests/unit/test_context.c.o
[ 31%] Building C object CMakeFiles/test_interpreter_alloc.dir/tests/unit/test_interpreter_alloc.c.o
[ 33%] Linking C executable test_context
[ 33%] Built target test_context
[ 35%] Linking C executable test_interpreter_alloc
[ 37%] Building C object CMakeFiles/test_egress.dir/tests/unit/test_egress.c.o
[ 40%] Linking C executable test_egress
[ 40%] Built target test_egress
[ 40%] Built target test_interpreter_alloc
[ 42%] Building C object CMakeFiles/test_interpreter.dir/tests/unit/test_interpreter.c.o
[ 44%] Building C object CMakeFiles/test_config.dir/tests/unit/test_config.c.o
[ 46%] Linking C executable test_config
[ 48%] Linking C executable test_interpreter
[ 48%] Built target test_config
[ 51%] Building C object CMakeFiles/recursant_auth.dir/core/src/auth/auth.c.o
[ 53%] Linking C static library librecursant_auth.a
[ 53%] Built target test_interpreter
[ 53%] Built target recursant_auth
[ 55%] Building C object CMakeFiles/recursant-validate.dir/core/src/admin/validate.c.o
[ 57%] Building C object CMakeFiles/recursant_attempts.dir/core/src/context/attempts.c.o
[ 60%] Linking C executable recursant-validate
[ 62%] Linking C static library librecursant_attempts.a
[ 62%] Built target recursant-validate
[ 64%] Building C object CMakeFiles/recursant_admission.dir/core/src/http/admission.c.o
[ 64%] Built target recursant_attempts
[ 66%] Building C object CMakeFiles/test_attempts_internal.dir/tests/unit/test_attempts_internal.c.o
[ 68%] Linking C static library librecursant_admission.a
[ 68%] Built target recursant_admission
[ 71%] Linking C executable test_attempts_internal
[ 73%] Building C object CMakeFiles/attempt_probe.dir/tests/fixtures/attempt_probe.c.o
[ 73%] Built target test_attempts_internal
[ 75%] Linking C shared library libattempt_probe.so
[ 77%] Building C object CMakeFiles/test_admission.dir/tests/unit/test_admission.c.o
[ 77%] Built target attempt_probe
[ 80%] Linking C executable test_admission
[ 82%] Building C object CMakeFiles/recursant.dir/core/src/http/router.c.o
[ 82%] Built target test_admission
[ 84%] Building C object CMakeFiles/recursant-tracer.dir/core/src/http/tracer.c.o
[ 86%] Building C object CMakeFiles/recursant.dir/core/src/runtime.c.o
[ 88%] Linking C executable recursant-tracer
[ 91%] Building C object CMakeFiles/recursant.dir/core/src/compliance/classifier.c.o
[ 91%] Built target recursant-tracer
[ 93%] Building C object CMakeFiles/test_attempts.dir/tests/unit/test_attempts.c.o
[ 95%] Building C object CMakeFiles/recursant.dir/core/src/context/gateway_context.c.o
[ 97%] Linking C executable test_attempts
[ 97%] Built target test_attempts
[100%] Linking C executable recursant
[100%] Built target recursant
