Test project /tmp/n
      Start  1: selector_unit
 1/28 Test  #1: selector_unit ....................   Passed    0.00 sec
      Start  2: attempts_unit
 2/28 Test  #2: attempts_unit ....................   Passed    0.00 sec
      Start  3: attempts_capacity
 3/28 Test  #3: attempts_capacity ................   Passed    0.00 sec
      Start  4: attempts_overflow
 4/28 Test  #4: attempts_overflow ................   Passed    0.00 sec
      Start  5: interpreter_alloc
 5/28 Test  #5: interpreter_alloc ................   Passed    0.04 sec
      Start  6: context_unit
 6/28 Test  #6: context_unit .....................   Passed    0.00 sec
      Start  7: egress_policy
 7/28 Test  #7: egress_policy ....................   Passed    0.00 sec
      Start  8: config_strict
 8/28 Test  #8: config_strict ....................   Passed    0.00 sec
      Start  9: admission_unit
 9/28 Test  #9: admission_unit ...................   Passed    0.00 sec
      Start 10: interpreter_loopback
10/28 Test #10: interpreter_loopback .............   Passed   10.50 sec
      Start 11: stream_tools_unit
11/28 Test #11: stream_tools_unit ................   Passed    0.05 sec
      Start 12: cost_unit
12/28 Test #12: cost_unit ........................   Passed    0.00 sec
      Start 13: signals_unit
13/28 Test #13: signals_unit .....................   Passed    0.00 sec
      Start 14: tool_boundary_unit
14/28 Test #14: tool_boundary_unit ...............   Passed    0.00 sec
      Start 15: stream_tools_gateway
15/28 Test #15: stream_tools_gateway .............   Passed   38.56 sec
      Start 16: native_tools_integration
16/28 Test #16: native_tools_integration .........   Passed   32.56 sec
      Start 17: response_observer_unit
17/28 Test #17: response_observer_unit ...........   Passed    0.06 sec
      Start 18: gateway_context_integration
18/28 Test #18: gateway_context_integration ......   Passed   73.42 sec
      Start 19: gateway_cost_integration
19/28 Test #19: gateway_cost_integration .........   Passed    7.78 sec
      Start 20: gateway_signals_integration
20/28 Test #20: gateway_signals_integration ......   Passed    8.14 sec
      Start 21: gateway_capacity_integration
21/28 Test #21: gateway_capacity_integration .....   Passed   81.99 sec
      Start 22: hermes_observer
22/28 Test #22: hermes_observer ..................   Passed    7.38 sec
      Start 23: compliance_integration
23/28 Test #23: compliance_integration ...........   Passed   20.26 sec
      Start 24: router_integration
24/28 Test #24: router_integration ...............   Passed   27.23 sec
      Start 25: transport_integration
25/28 Test #25: transport_integration ............   Passed    1.53 sec
      Start 26: admission_integration
26/28 Test #26: admission_integration ............   Passed    0.34 sec
      Start 27: trajectory_reference
27/28 Test #27: trajectory_reference .............   Passed    3.52 sec
      Start 28: accounting
28/28 Test #28: accounting .......................   Passed    0.11 sec

100% tests passed, 0 tests failed out of 28

Total Test time (real) = 313.48 sec
